// Jest Snapshot v1, https://goo.gl/fbAQLP

exports[`FormCrearPedidoUsuario test should match snapshot of crear pedidos 1`] = `
<div>
  <form>
    <h2
      class="sc-AxgMl ftqCsy"
    >
      Form test
    </h2>
    <label>
      Producto Seleccionado:
    </label>
    <h3>
      Paella Española
      . $
      40000
    </h3>
    <label>
      Reunion Seleccionada:
    </label>
    <h3>
      TIPO_PEQUENA
      . $
      25000
    </h3>
    <br />
    <label>
      Fecha y hora de inicio del evento:
    </label>
    <div
      class="react-datepicker-wrapper"
    >
      <div
        class="react-datepicker__input-container"
      >
        <input
          class=""
          name="fechaRealizacion"
          type="text"
          value="February 9, 2022 3:00 PM"
        />
      </div>
    </div>
    <input
      class="sc-AxirZ eAukyj"
      name="fechaRealizacionAux"
      type="hidden"
      value="Wed Feb 09 2022 15:00:00 GMT-0500 (Colombia Standard Time)"
    />
    <input
      class="sc-AxirZ eAukyj"
      name="direccion"
      placeholder="Ingrese la Dirección del evento. (Solo en Medellín)"
      value=""
    />
    <input
      class="sc-AxirZ eAukyj"
      name="horasDeServicio"
      placeholder="Ingrese el numero Horas del servicio, (minimo 4 horas)"
      type="number"
      value="0"
    />
    <label
      for="valorTotalPedido"
    >
      Valor total de su pedido:
      65000
    </label>
    <button
      class="sc-AxjAm cCwJAQ"
      type="submit"
    >
      Generar Pedido
    </button>
  </form>
</div>
`;
